../Core/Src/main.c:68:5:_write	24	static
../Core/Src/main.c:74:13:CAN_Filter_AllPass	48	static
../Core/Src/main.c:94:5:main	56	static
../Core/Src/main.c:197:6:SystemClock_Config	72	static
../Core/Src/main.c:236:13:MX_CAN_Init	8	static
../Core/Src/main.c:273:13:MX_USART2_UART_Init	8	static
../Core/Src/main.c:306:13:MX_GPIO_Init	40	static
../Core/Src/main.c:347:6:HAL_CAN_RxFifo0MsgPendingCallback	16	static
../Core/Src/main.c:356:6:HAL_CAN_ErrorCallback	24	static
../Core/Src/main.c:361:13:CAN_DumpDiag	32	static
../Core/Src/main.c:376:6:Error_Handler	4	static,ignoring_inline_asm
